#           v(1)       v(2)       v(Vdd)    
-1.5       -1.5        1.7691     1.8       
-1.4       -1.4        1.7686     1.8       
-1.3       -1.3        1.7681     1.8       
-1.2       -1.2        1.7675     1.8       
-1.1       -1.1        1.7669     1.8       
-1.        -1.         1.7662     1.8       
open circuit: internal node 33
-0.9       -0.9        1.7654     1.8       
-0.8       -0.8        1.7645     1.8       
-0.7       -0.7        1.7636     1.8       
-0.6       -0.6        1.7625     1.8       
-0.5       -0.5        1.7614     1.8       
-0.4       -0.4        1.7601     1.8       
-0.3       -0.3        1.7586     1.8       
-0.2       -0.2        1.757      1.8       
-0.1       -0.1        1.755      1.8       
 0.         0.         1.7528     1.8       
 0.1        0.1        1.7503     1.8       
 0.2        0.2        1.7472     1.8       
 0.3        0.3        1.7431     1.8       
 0.4        0.4        1.7344     1.8       
 0.5        0.5        1.715      1.8       
 0.6        0.6        1.6779     1.8       
 0.7        0.7        1.608      1.8       
 0.8        0.8        1.4322     1.8       
 0.9        0.9        0.36783    1.8       
 1.         1.         0.15589    1.8       
 1.1        1.1        0.078392   1.8       
 1.2        1.2        0.036332   1.8       
 1.3        1.3        0.013367   1.8       
 1.4        1.4        0.0029635  1.8       
 1.5        1.5        245.06u    1.8       
#Time       v(1)       v(2)       v(Vdd)    
 0.         0.         1.7528     1.8       
 11.2E-12   0.12656    1.8483     1.8       
 169.6E-12  1.5752     1.1239     1.8       
 248.8E-12  1.7999     0.03002    1.8       
 394.E-12   1.1121    -0.21066    1.8       
 539.2E-12 -0.43887    1.1809     1.8       
 684.4E-12 -1.6493     1.814      1.8       
 829.6E-12 -1.5795     1.7506     1.8       open circuit: internal node 33
 974.8E-12 -0.28382    2.0313     1.8       

 1.12E-9    1.2322     1.3669     1.8       
#Freq       vm(2)      vp(2)     
 10.Meg     17.592     179.05    
 100.Meg    17.423     170.6     
 1.G        10.364     112.33    
 10.G       3.0467     27.869    
 100.G      2.796      2.934     
 1.E+12     2.7933     0.29346   
Gnucap   System status
iterations: op=0, dc=167, tran=94, fourier=0, total=277
transient timesteps: accepted=10, rejected=1, total=11
nodes: user=3, subckt=0, model=67, total=70
dctran density=35.5%, ac density=35.5%
