#Time       v(in)      i(Vin)    
 0.         0.         0.        
 10.E-12    0.         0.        
 14.E-12    0.72      -9.8893E-6 
 16.E-12    1.08      -41.864E-6 
 20.E-12    1.8       -745.91E-6 
 24.E-12    1.8       -745.91E-6 
 28.E-12    1.8       -745.91E-6 
 32.E-12    1.8       -745.91E-6 
 36.E-12    1.8       -745.91E-6 
 40.E-12    1.8       -745.91E-6 
 44.E-12    1.8       -745.91E-6 
 48.E-12    1.8       -745.91E-6 
 52.E-12    1.8       -745.91E-6 
 56.E-12    1.8       -745.91E-6 
 60.E-12    1.8       -745.91E-6 
 67.E-12    1.8       -745.91E-6 
 72.E-12    1.8       -745.91E-6 
 77.E-12    1.8       -745.91E-6 
 82.E-12    1.8       -745.91E-6 
 87.E-12    1.8       -745.91E-6 
 92.E-12    1.8       -745.91E-6 
 97.E-12    1.8       -745.91E-6 
 102.E-12   1.8       -745.91E-6 
 107.E-12   1.8       -745.91E-6 
 114.E-12   1.8       -745.91E-6 
 118.E-12   1.8       -745.91E-6 
 127.E-12   1.8       -745.91E-6 
 136.E-12   1.8       -745.91E-6 
 145.E-12   1.8       -745.91E-6 
 154.E-12   1.8       -745.91E-6 
 163.E-12   1.8       -745.91E-6 
 172.E-12   1.8       -745.91E-6 
 181.E-12   1.8       -745.91E-6 
 190.E-12   1.8       -745.91E-6 
 199.E-12   1.8       -745.91E-6 
 208.E-12   1.8       -745.91E-6 
 217.E-12   1.8       -745.91E-6 
 226.E-12   1.8       -745.91E-6 
 235.E-12   1.8       -745.91E-6 
 244.E-12   1.8       -745.91E-6 
 253.E-12   1.8       -745.91E-6 
 262.E-12   1.8       -745.91E-6 
 271.E-12   1.8       -745.91E-6 
 280.E-12   1.8       -745.91E-6 
 289.E-12   1.8       -745.91E-6 
 298.E-12   1.8       -745.91E-6 
 307.E-12   1.8       -745.91E-6 
 313.E-12   1.8       -745.91E-6 
 319.E-12   1.8       -745.91E-6 
 325.E-12   1.8       -745.91E-6 
 336.E-12   1.8       -745.91E-6 
 343.E-12   1.8       -745.91E-6 
 350.E-12   1.8       -745.91E-6 
 357.E-12   1.8       -745.91E-6 
 364.E-12   1.8       -745.91E-6 
 371.E-12   1.8       -745.91E-6 
 378.E-12   1.8       -745.91E-6 
 385.E-12   1.8       -745.91E-6 
 392.E-12   1.8       -745.91E-6 
 405.E-12   1.8       -745.91E-6 
 412.E-12   1.8       -745.91E-6 
 419.E-12   1.8       -745.91E-6 
 426.E-12   1.8       -745.91E-6 
 433.E-12   1.8       -745.91E-6 
 450.E-12   1.8       -745.91E-6 
 463.E-12   1.8       -745.91E-6 
 476.E-12   1.8       -745.91E-6 
 489.E-12   1.8       -745.91E-6 
 498.E-12   1.8       -745.91E-6 
 507.E-12   1.8       -745.91E-6 
 516.E-12   1.8       -745.91E-6 
 527.E-12   1.8       -745.91E-6 
 538.E-12   1.8       -745.91E-6 
 545.E-12   1.8       -745.91E-6 
 559.E-12   1.8       -745.91E-6 
 567.E-12   1.8       -745.91E-6 
 580.E-12   1.8       -745.91E-6 
 589.E-12   1.8       -745.91E-6 
 598.E-12   1.8       -745.91E-6 
 607.E-12   1.8       -745.91E-6 
 638.E-12   1.8       -745.91E-6 
 656.E-12   1.8       -745.91E-6 
 674.E-12   1.8       -745.91E-6 
 686.E-12   1.8       -745.91E-6 
 698.E-12   1.8       -745.91E-6 
 707.E-12   1.8       -745.91E-6 
 716.E-12   1.8       -745.91E-6 
 725.E-12   1.8       -745.91E-6 
 734.E-12   1.8       -745.91E-6 
 743.E-12   1.8       -745.91E-6 
 752.E-12   1.8       -745.91E-6 
 767.E-12   1.8       -745.91E-6 
 777.E-12   1.8       -745.91E-6 
 787.E-12   1.8       -745.91E-6 
 797.E-12   1.8       -745.91E-6 
 807.E-12   1.8       -745.91E-6 
 817.E-12   1.8       -745.91E-6 
 829.E-12   1.8       -745.91E-6 
 841.E-12   1.8       -745.91E-6 
 853.E-12   1.8       -745.91E-6 
 865.E-12   1.8       -745.91E-6 
 873.E-12   1.8       -745.91E-6 
 881.E-12   1.8       -745.91E-6 
 889.E-12   1.8       -745.91E-6 
 897.E-12   1.8       -745.91E-6 
 905.E-12   1.8       -745.91E-6 
 913.E-12   1.8       -745.91E-6 
 921.E-12   1.8       -745.91E-6 
 936.E-12   1.8       -745.91E-6 
 944.E-12   1.8       -745.91E-6 
 952.E-12   1.8       -745.91E-6 
 960.E-12   1.8       -745.91E-6 
 973.E-12   1.8       -745.91E-6 
 980.E-12   1.8       -745.91E-6 
 987.E-12   1.8       -745.91E-6 
 994.E-12   1.8       -745.91E-6 
 1.001E-9   1.8       -745.91E-6 
 1.008E-9   1.8       -745.91E-6 
 1.013E-9   1.8       -745.91E-6 
 1.024E-9   1.8       -745.91E-6 
 1.031E-9   1.8       -745.91E-6 
 1.047E-9   1.8       -745.91E-6 
 1.063E-9   1.8       -745.91E-6 
 1.079E-9   1.8       -745.91E-6 
 1.095E-9   1.8       -745.91E-6 
 1.124E-9   1.8       -745.91E-6 
 1.14E-9    1.8       -745.91E-6 
 1.152E-9   1.8       -745.91E-6 
 1.164E-9   1.8       -745.91E-6 
 1.187E-9   1.8       -745.91E-6 
 1.202E-9   1.8       -745.91E-6 
 1.217E-9   1.8       -745.91E-6 
 1.227E-9   1.8       -745.91E-6 
 1.237E-9   1.8       -745.91E-6 
 1.247E-9   1.8       -745.91E-6 
 1.257E-9   1.8       -745.91E-6 
 1.267E-9   1.8       -745.91E-6 
 1.277E-9   1.8       -745.91E-6 
 1.293E-9   1.8       -745.91E-6 
 1.305E-9   1.8       -745.91E-6 
 1.324E-9   1.8       -745.91E-6 
 1.343E-9   1.8       -745.91E-6 
 1.356E-9   1.8       -745.91E-6 
 1.369E-9   1.8       -745.91E-6 
 1.382E-9   1.8       -745.91E-6 
 1.395E-9   1.8       -745.91E-6 
 1.408E-9   1.8       -745.91E-6 
 1.421E-9   1.8       -745.91E-6 
 1.43E-9    1.8       -745.91E-6 
 1.439E-9   1.8       -745.91E-6 
 1.448E-9   1.8       -745.91E-6 
 1.457E-9   1.8       -745.91E-6 
 1.475E-9   1.8       -745.91E-6 
 1.485E-9   1.8       -745.91E-6 
 1.495E-9   1.8       -745.91E-6 
 1.511E-9   1.8       -745.91E-6 
 1.539E-9   1.8       -745.91E-6 
 1.556E-9   1.8       -745.91E-6 
 1.573E-9   1.8       -745.91E-6 
 1.59E-9    1.8       -745.91E-6 
 1.603E-9   1.8       -745.91E-6 
 1.636E-9   1.8       -745.91E-6 
 1.655E-9   1.8       -745.91E-6 
 1.674E-9   1.8       -745.91E-6 
 1.729E-9   1.8       -745.91E-6 
 1.759E-9   1.8       -745.91E-6 
 1.789E-9   1.8       -745.91E-6 
 1.819E-9   1.8       -745.91E-6 
 1.849E-9   1.8       -745.91E-6 
 1.871E-9   1.8       -745.91E-6 
 1.893E-9   1.8       -745.91E-6 
 1.909E-9   1.8       -745.91E-6 
 1.924E-9   1.8       -745.91E-6 
 1.939E-9   1.8       -745.91E-6 
 1.954E-9   1.8       -745.91E-6 
 1.969E-9   1.8       -745.91E-6 
 1.984E-9   1.8       -745.91E-6 
 1.999E-9   1.8       -745.91E-6 
 2.014E-9   1.8       -745.91E-6 
 2.029E-9   1.8       -745.91E-6 
 2.044E-9   1.8       -745.91E-6 
 2.059E-9   1.8       -745.91E-6 
 2.074E-9   1.8       -745.91E-6 
 2.089E-9   1.8       -745.91E-6 
 2.104E-9   1.8       -745.91E-6 
 2.129E-9   1.8       -745.91E-6 
 2.147E-9   1.8       -745.91E-6 
 2.197E-9   1.8       -745.91E-6 
 2.247E-9   1.8       -745.91E-6 
 2.291E-9   1.8       -745.91E-6 
 2.335E-9   1.8       -745.91E-6 
 2.379E-9   1.8       -745.91E-6 
 2.446E-9   1.8       -745.91E-6 
 2.513E-9   1.8       -745.91E-6 
 2.58E-9    1.8       -745.91E-6 
 2.622E-9   1.8       -745.91E-6 
 2.664E-9   1.8       -745.91E-6 
 2.706E-9   1.8       -745.91E-6 
 2.748E-9   1.8       -745.91E-6 
 2.79E-9    1.8       -745.91E-6 
 2.82E-9    1.8       -745.91E-6 
 2.85E-9    1.8       -745.91E-6 
 2.88E-9    1.8       -745.91E-6 
 2.901E-9   1.8       -745.91E-6 
 2.937E-9   1.8       -745.91E-6 
 2.973E-9   1.8       -745.91E-6 
 3.E-9      1.8       -745.91E-6 
 3.027E-9   1.8       -745.91E-6 
 3.048E-9   1.8       -745.91E-6 
 3.069E-9   1.8       -745.91E-6 
 3.09E-9    1.8       -745.91E-6 
 3.111E-9   1.8       -745.91E-6 
 3.132E-9   1.8       -745.91E-6 
 3.153E-9   1.8       -745.91E-6 
 3.174E-9   1.8       -745.91E-6 
 3.195E-9   1.8       -745.91E-6 
 3.216E-9   1.8       -745.91E-6 
 3.276E-9   1.8       -745.91E-6 
 3.336E-9   1.8       -745.91E-6 
 3.377E-9   1.8       -745.91E-6 
 3.519E-9   1.8       -745.91E-6 
 3.598E-9   1.8       -745.91E-6 
 3.727E-9   1.8       -745.91E-6 
 3.814E-9   1.8       -745.91E-6 
 3.994E-9   1.8       -745.91E-6 
 4.174E-9   1.8       -745.91E-6 
 4.354E-9   1.8       -745.91E-6 
 4.534E-9   1.8       -745.91E-6 
 4.645E-9   1.8       -745.91E-6 
 4.756E-9   1.8       -745.91E-6 
 4.829E-9   1.8       -745.91E-6 
 4.952E-9   1.8       -745.91E-6 
 5.037E-9   1.8       -745.91E-6 
 5.122E-9   1.8       -745.91E-6 
 5.324E-9   1.8       -745.91E-6 
 5.526E-9   1.8       -745.91E-6 
 5.728E-9   1.8       -745.91E-6 
 6.033E-9   1.8       -745.91E-6 
 6.186E-9   1.8       -745.91E-6 
 6.339E-9   1.8       -745.91E-6 
 6.492E-9   1.8       -745.91E-6 
 6.604E-9   1.8       -745.91E-6 
 6.716E-9   1.8       -745.91E-6 
 6.828E-9   1.8       -745.91E-6 
 6.917E-9   1.8       -745.91E-6 
 7.006E-9   1.8       -745.91E-6 
 7.095E-9   1.8       -745.91E-6 
 7.184E-9   1.8       -745.91E-6 
 7.246E-9   1.8       -745.91E-6 
 7.335E-9   1.8       -745.91E-6 
 7.424E-9   1.8       -745.91E-6 
 7.513E-9   1.8       -745.91E-6 
 7.602E-9   1.8       -745.91E-6 
 7.691E-9   1.8       -745.91E-6 
 7.75E-9    1.8       -745.91E-6 
 7.866E-9   1.8       -745.91E-6 
 7.933E-9   1.8       -745.91E-6 
 8.04E-9    1.8       -745.91E-6 
 8.147E-9   1.8       -745.91E-6 
 8.254E-9   1.8       -745.91E-6 
 8.418E-9   1.8       -745.91E-6 
 8.51E-9    1.8       -745.91E-6 
 8.782E-9   1.8       -745.91E-6 
 8.919E-9   1.8       -745.91E-6 
 9.157E-9   1.8       -745.91E-6 
 9.282E-9   1.8       -745.91E-6 
 9.407E-9   1.8       -745.91E-6 
 9.532E-9   1.8       -745.91E-6 
 9.657E-9   1.8       -745.91E-6 
 9.782E-9   1.8       -745.91E-6 
 9.907E-9   1.8       -745.91E-6 
 10.032E-9  1.8       -745.91E-6 
 10.157E-9  1.8       -745.91E-6 
 10.282E-9  1.8       -745.91E-6 
 10.535E-9  1.8       -745.91E-6 
 10.675E-9  1.8       -745.91E-6 
 10.815E-9  1.8       -745.91E-6 
 10.955E-9  1.8       -745.91E-6 
 11.095E-9  1.8       -761.5E-6  
 11.235E-9  1.8       -779.17E-6 
 11.375E-9  1.8       -782.82E-6 
 11.515E-9  1.8       -777.42E-6 
 11.655E-9  1.8       -772.38E-6 
 11.795E-9  1.8       -776.07E-6 
 11.935E-9  1.8       -790.6E-6  
 12.158E-9  1.8       -804.E-6   
 12.278E-9  1.8       -804.54E-6 
 12.543E-9  1.8       -806.73E-6 
 12.714E-9  1.8       -819.93E-6 
 12.885E-9  1.8       -833.22E-6 
 13.056E-9  1.8       -850.18E-6 
 13.227E-9  1.8       -871.77E-6 
 13.424E-9  1.8       -885.94E-6 
 13.621E-9  1.8       -908.65E-6 
 13.777E-9  1.8       -917.11E-6 
 13.933E-9  1.8       -919.3E-6  
 14.2E-9    1.8       -932.32E-6 
 14.373E-9  1.8       -940.1E-6  
 14.546E-9  1.8       -963.23E-6 
 14.719E-9  1.8       -0.0010046 
 15.056E-9  1.8       -0.0010983 
 15.241E-9  1.8       -0.0011344 
 15.426E-9  1.8       -0.0011608 
 15.795E-9  1.8       -0.0012591 
 15.98E-9   1.8       -0.0013114 
 16.165E-9  1.8       -0.0013573 
 16.446E-9  1.8       -0.0014612 
 16.641E-9  1.8       -0.0015663 
 17.046E-9  1.8       -0.0018591 
 17.451E-9  1.8       -0.0023404 
 17.856E-9  1.8       -0.0034999 
 18.109E-9  1.8       -0.0055266 
 18.362E-9  1.8       -0.01382   
 18.499E-9  1.8       -0.045389  
 18.589E-9  1.8       -0.18856   
 18.66E-9   1.8       -0.30092   
 18.731E-9  1.8       -0.30092   
 18.802E-9  1.8       -0.30092   
 18.911E-9  1.8       -0.30092   
 19.217E-9  1.8       -0.30092   
 19.681E-9  1.8       -0.30092   
 20.432E-9  1.8       -0.30092   
 22.08E-9   1.8       -0.30092   
 23.728E-9  1.8       -0.30092   
 27.085E-9  1.8       -0.30092   
 32.318E-9  1.8       -0.30092   
 46.709E-9  1.8       -0.30092   
 61.1E-9    1.8       -0.30092   
 97.075E-9  1.8       -0.30092   
 100.02E-9  1.8       -0.30092   
 100.03E-9  0.        -1.688E-12 
 100.04E-9  0.         0.        
 100.04E-9  0.         0.        
 100.05E-9  0.         0.        
 100.05E-9  0.         0.        
 100.14E-9  0.         0.        
 100.35E-9  0.         0.        
 101.44E-9  0.         0.        
 104.68E-9  0.         0.        
 111.84E-9  0.         0.        
 125.15E-9  0.         0.        
 151.77E-9  0.         0.        
 178.39E-9  0.         0.        
 200.01E-9  0.         0.        
 200.02E-9  1.8       -0.30092   
 200.59E-9  1.8       -0.30092   
 200.78E-9  1.8       -0.30092   
 200.85E-9  1.8       -0.30092   
 200.93E-9  1.8       -0.30092   
 202.96E-9  1.8       -0.30092   
 205.E-9    1.8       -0.30092   
#Time       v(in)      i(Vin)    
 0.         0.         0.        
 10.E-12    0.         0.        
 14.E-12   -0.52       0.0017698 
 18.E-12   -1.04       0.014383  
 22.E-12   -1.3        0.040697  
 26.E-12   -1.3        0.040697  
 30.E-12   -1.3        0.040695  
 34.E-12   -1.3        0.040687  
 38.E-12   -1.3        0.040681  
 42.E-12   -1.3        0.040697  
 46.E-12   -1.3        0.040697  
 50.E-12   -1.3        0.040674  
 54.E-12   -1.3        0.040649  
 58.E-12   -1.3        0.040617  
 65.E-12   -1.3        0.040579  
 70.E-12   -1.3        0.040559  
 75.E-12   -1.3        0.040529  
 80.E-12   -1.3        0.04053   
 85.E-12   -1.3        0.04053   
 90.E-12   -1.3        0.040521  
 95.E-12   -1.3        0.040536  
 100.E-12  -1.3        0.040533  
 105.E-12  -1.3        0.04051   
 112.E-12  -1.3        0.0405    
 116.E-12  -1.3        0.040504  
 125.E-12  -1.3        0.040519  
 134.E-12  -1.3        0.040529  
 143.E-12  -1.3        0.0405    
 152.E-12  -1.3        0.04047   
 161.E-12  -1.3        0.040484  
 170.E-12  -1.3        0.04049   
 179.E-12  -1.3        0.040452  
 188.E-12  -1.3        0.040395  
 197.E-12  -1.3        0.04035   
 206.E-12  -1.3        0.040306  
 215.E-12  -1.3        0.04029   
 224.E-12  -1.3        0.040281  
 233.E-12  -1.3        0.040274  
 242.E-12  -1.3        0.040262  
 251.E-12  -1.3        0.040244  
 260.E-12  -1.3        0.040261  
 269.E-12  -1.3        0.040265  
 278.E-12  -1.3        0.04026   
 287.E-12  -1.3        0.04022   
 296.E-12  -1.3        0.040178  
 305.E-12  -1.3        0.040202  
 311.E-12  -1.3        0.040201  
 317.E-12  -1.3        0.040198  
 323.E-12  -1.3        0.040196  
 334.E-12  -1.3        0.040151  
 341.E-12  -1.3        0.040139  
 348.E-12  -1.3        0.040116  
 355.E-12  -1.3        0.040076  
 362.E-12  -1.3        0.040044  
 369.E-12  -1.3        0.040031  
 376.E-12  -1.3        0.04002   
 383.E-12  -1.3        0.04002   
 390.E-12  -1.3        0.040033  
 403.E-12  -1.3        0.040029  
 410.E-12  -1.3        0.040021  
 417.E-12  -1.3        0.040019  
 424.E-12  -1.3        0.040017  
 431.E-12  -1.3        0.040013  
 448.E-12  -1.3        0.039977  
 461.E-12  -1.3        0.039954  
 474.E-12  -1.3        0.039982  
 487.E-12  -1.3        0.039996  
 496.E-12  -1.3        0.039966  
 505.E-12  -1.3        0.039939  
 514.E-12  -1.3        0.039913  
 525.E-12  -1.3        0.039854  
 536.E-12  -1.3        0.039823  
 543.E-12  -1.3        0.039822  
 557.E-12  -1.3        0.039796  
 565.E-12  -1.3        0.039773  
 578.E-12  -1.3        0.039766  
 587.E-12  -1.3        0.039759  
 596.E-12  -1.3        0.039743  
 605.E-12  -1.3        0.039718  
 636.E-12  -1.3        0.039572  
 654.E-12  -1.3        0.039479  
 672.E-12  -1.3        0.039467  
 684.E-12  -1.3        0.039475  
 696.E-12  -1.3        0.039447  
 705.E-12  -1.3        0.039439  
 714.E-12  -1.3        0.039418  
 723.E-12  -1.3        0.03937   
 732.E-12  -1.3        0.039319  
 741.E-12  -1.3        0.039277  
 750.E-12  -1.3        0.039249  
 765.E-12  -1.3        0.039193  
 775.E-12  -1.3        0.039133  
 785.E-12  -1.3        0.039107  
 795.E-12  -1.3        0.039107  
 805.E-12  -1.3        0.039097  
 815.E-12  -1.3        0.039078  
 827.E-12  -1.3        0.039073  
 839.E-12  -1.3        0.039056  
 851.E-12  -1.3        0.039006  
 863.E-12  -1.3        0.038976  
 872.E-12  -1.3        0.038941  
 881.E-12  -1.3        0.038918  
 890.E-12  -1.3        0.03891   
 900.E-12  -1.3        0.038882  
 910.E-12  -1.3        0.038854  
 920.E-12  -1.3        0.03884   
 930.E-12  -1.3        0.038835  
 949.E-12  -1.3        0.038762  
 959.E-12  -1.3        0.038715  
 969.E-12  -1.3        0.03871   
 979.E-12  -1.3        0.038743  
 995.E-12  -1.3        0.038762  
 1.003E-9  -1.3        0.038745  
 1.016E-9  -1.3        0.038701  
 1.029E-9  -1.3        0.038664  
 1.042E-9  -1.3        0.038675  
 1.055E-9  -1.3        0.038645  
 1.063E-9  -1.3        0.038608  
 1.083E-9  -1.3        0.038546  
 1.093E-9  -1.3        0.038527  
 1.12E-9   -1.3        0.038495  
 1.141E-9  -1.3        0.038504  
 1.162E-9  -1.3        0.038512  
 1.183E-9  -1.3        0.038513  
 1.219E-9  -1.3        0.0386    
 1.238E-9  -1.3        0.038556  
 1.252E-9  -1.3        0.038515  
 1.266E-9  -1.3        0.038471  
 1.292E-9  -1.3        0.038444  
 1.308E-9  -1.3        0.038447  
 1.324E-9  -1.3        0.038367  
 1.335E-9  -1.3        0.038323  
 1.346E-9  -1.3        0.038299  
 1.357E-9  -1.3        0.038274  
 1.368E-9  -1.3        0.038268  
 1.379E-9  -1.3        0.038257  
 1.39E-9   -1.3        0.038235  
 1.401E-9  -1.3        0.038223  
 1.412E-9  -1.3        0.038231  
 1.423E-9  -1.3        0.038244  
 1.434E-9  -1.3        0.038215  
 1.445E-9  -1.3        0.038166  
 1.456E-9  -1.3        0.038176  
 1.464E-9  -1.3        0.038202  
 1.472E-9  -1.3        0.038199  
 1.48E-9   -1.3        0.038176  
 1.493E-9  -1.3        0.038193  
 1.5E-9    -1.3        0.038206  
 1.507E-9  -1.3        0.038178  
 1.514E-9  -1.3        0.038164  
 1.521E-9  -1.3        0.038159  
 1.536E-9  -1.3        0.038104  
 1.544E-9  -1.3        0.038072  
 1.552E-9  -1.3        0.038046  
 1.566E-9  -1.3        0.03802   
 1.593E-9  -1.3        0.03796   
 1.609E-9  -1.3        0.037941  
 1.625E-9  -1.3        0.037973  
 1.641E-9  -1.3        0.037976  
 1.653E-9  -1.3        0.037962  
 1.684E-9  -1.3        0.037946  
 1.701E-9  -1.3        0.037928  
 1.718E-9  -1.3        0.037905  
 1.768E-9  -1.3        0.037902  
 1.794E-9  -1.3        0.03788   
 1.82E-9   -1.3        0.037869  
 1.846E-9  -1.3        0.037909  
 1.872E-9  -1.3        0.037894  
 1.89E-9   -1.3        0.037825  
 1.908E-9  -1.3        0.037825  
 1.921E-9  -1.3        0.037859  
 1.933E-9  -1.3        0.037842  
 1.945E-9  -1.3        0.037831  
 1.957E-9  -1.3        0.037799  
 1.969E-9  -1.3        0.037764  
 1.981E-9  -1.3        0.037754  
 1.993E-9  -1.3        0.037748  
 2.005E-9  -1.3        0.037715  
 2.017E-9  -1.3        0.037642  
 2.029E-9  -1.3        0.037587  
 2.041E-9  -1.3        0.03756   
 2.053E-9  -1.3        0.037543  
 2.065E-9  -1.3        0.037504  
 2.077E-9  -1.3        0.037445  
 2.097E-9  -1.3        0.037367  
 2.111E-9  -1.3        0.037327  
 2.152E-9  -1.3        0.037266  
 2.193E-9  -1.3        0.037291  
 2.228E-9  -1.3        0.037275  
 2.255E-9  -1.3        0.037259  
 2.282E-9  -1.3        0.03723   
 2.326E-9  -1.3        0.037185  
 2.37E-9   -1.3        0.037167  
 2.414E-9  -1.3        0.037006  
 2.442E-9  -1.3        0.036914  
 2.47E-9   -1.3        0.036861  
 2.498E-9  -1.3        0.036772  
 2.526E-9  -1.3        0.036716  
 2.554E-9  -1.3        0.03658   
 2.575E-9  -1.3        0.036505  
 2.596E-9  -1.3        0.036538  
 2.617E-9  -1.3        0.036549  
 2.632E-9  -1.3        0.036558  
 2.658E-9  -1.3        0.036556  
 2.684E-9  -1.3        0.036429  
 2.703E-9  -1.3        0.036309  
 2.722E-9  -1.3        0.036279  
 2.741E-9  -1.3        0.036298  
 2.76E-9   -1.3        0.036234  
 2.774E-9  -1.3        0.036168  
 2.788E-9  -1.3        0.03614   
 2.802E-9  -1.3        0.036112  
 2.816E-9  -1.3        0.036118  
 2.83E-9   -1.3        0.036141  
 2.844E-9  -1.3        0.036147  
 2.858E-9  -1.3        0.036135  
 2.899E-9  -1.3        0.036009  
 2.94E-9   -1.3        0.035874  
 2.969E-9  -1.3        0.035774  
 3.07E-9   -1.3        0.035516  
 3.128E-9  -1.3        0.035448  
 3.225E-9  -1.3        0.03532   
 3.29E-9   -1.3        0.035234  
 3.426E-9  -1.3        0.035113  
 3.562E-9  -1.3        0.03513   
 3.698E-9  -1.3        0.035328  
 3.834E-9  -1.3        0.035358  
 3.91E-9   -1.3        0.035164  
 3.986E-9  -1.3        0.03514   
 4.034E-9  -1.3        0.035186  
 4.112E-9  -1.3        0.035207  
 4.163E-9  -1.3        0.035244  
 4.214E-9  -1.3        0.035291  
 4.329E-9  -1.3        0.035374  
 4.414E-9  -1.3        0.03533   
 4.499E-9  -1.3        0.0352    
 4.573E-9  -1.3        0.035196  
 4.628E-9  -1.3        0.035221  
 4.683E-9  -1.3        0.035133  
 4.738E-9  -1.3        0.035097  
 4.778E-9  -1.3        0.035054  
 4.818E-9  -1.3        0.034971  
 4.858E-9  -1.3        0.034979  
 4.889E-9  -1.3        0.034903  
 4.92E-9   -1.3        0.034862  
 4.951E-9  -1.3        0.034932  
 4.982E-9  -1.3        0.034911  
 5.003E-9  -1.3        0.034848  
 5.034E-9  -1.3        0.034766  
 5.065E-9  -1.3        0.034659  
 5.096E-9  -1.3        0.034594  
 5.127E-9  -1.3        0.034658  
 5.158E-9  -1.3        0.034603  
 5.178E-9  -1.3        0.034519  
 5.218E-9  -1.3        0.03445   
 5.241E-9  -1.3        0.03444   
 5.277E-9  -1.3        0.034432  
 5.313E-9  -1.3        0.03435   
 5.349E-9  -1.3        0.034215  
 5.404E-9  -1.3        0.03417   
 5.435E-9  -1.3        0.034236  
 5.479E-9  -1.3        0.034379  
 5.523E-9  -1.3        0.034551  
 5.567E-9  -1.3        0.034505  
 5.596E-9  -1.3        0.034427  
 5.625E-9  -1.3        0.034377  
 5.654E-9  -1.3        0.034296  
 5.683E-9  -1.3        0.034259  
 5.712E-9  -1.3        0.034285  
 5.741E-9  -1.3        0.034319  
 5.77E-9   -1.3        0.0343    
 5.799E-9  -1.3        0.034282  
 5.828E-9  -1.3        0.034256  
 5.888E-9  -1.3        0.034391  
 5.921E-9  -1.3        0.034471  
 5.954E-9  -1.3        0.034431  
 5.987E-9  -1.3        0.034419  
 6.02E-9   -1.3        0.034495  
 6.053E-9  -1.3        0.034568  
 6.086E-9  -1.3        0.034489  
 6.119E-9  -1.3        0.034317  
 6.152E-9  -1.3        0.034151  
 6.185E-9  -1.3        0.034076  
 6.218E-9  -1.3        0.03411   
 6.271E-9  -1.3        0.034054  
 6.298E-9  -1.3        0.033961  
 6.358E-9  -1.3        0.033762  
 6.396E-9  -1.3        0.033743  
 6.434E-9  -1.3        0.033719  
 6.472E-9  -1.3        0.03372   
 6.51E-9   -1.3        0.033752  
 6.553E-9  -1.3        0.033687  
 6.596E-9  -1.3        0.033683  
 6.629E-9  -1.3        0.033599  
 6.662E-9  -1.3        0.033464  
 6.716E-9  -1.3        0.033308  
 6.751E-9  -1.3        0.033198  
 6.786E-9  -1.3        0.033191  
 6.821E-9  -1.3        0.033293  
 6.857E-9  -1.3        0.033399  
 6.893E-9  -1.3        0.033372  
 6.929E-9  -1.3        0.033271  
 6.965E-9  -1.3        0.03326   
 6.993E-9  -1.3        0.033225  
 7.021E-9  -1.3        0.03314   
 7.049E-9  -1.3        0.033099  
 7.077E-9  -1.3        0.033105  
 7.116E-9  -1.3        0.033094  
 7.155E-9  -1.3        0.033051  
 7.232E-9  -1.3        0.033098  
 7.276E-9  -1.3        0.033109  
 7.32E-9   -1.3        0.033001  
 7.364E-9  -1.3        0.032834  
 7.408E-9  -1.3        0.032639  
 7.452E-9  -1.3        0.032505  
 7.496E-9  -1.3        0.032482  
 7.54E-9   -1.3        0.032523  
 7.584E-9  -1.3        0.032589  
 7.628E-9  -1.3        0.032602  
 7.672E-9  -1.3        0.032647  
 7.716E-9  -1.3        0.032689  
 7.76E-9   -1.3        0.032625  
 7.804E-9  -1.3        0.032523  
 7.848E-9  -1.3        0.032472  
 7.892E-9  -1.3        0.032487  
 7.97E-9   -1.3        0.03238   
 8.013E-9  -1.3        0.032263  
 8.111E-9  -1.3        0.032089  
 8.168E-9  -1.3        0.031999  
 8.225E-9  -1.3        0.031844  
 8.282E-9  -1.3        0.031821  
 8.327E-9  -1.3        0.03197   
 8.372E-9  -1.3        0.032077  
 8.417E-9  -1.3        0.032053  
 8.462E-9  -1.3        0.032137  
 8.495E-9  -1.3        0.032224  
 8.528E-9  -1.3        0.03224   
 8.561E-9  -1.3        0.032196  
 8.627E-9  -1.3        0.032166  
 8.665E-9  -1.3        0.032274  
 8.703E-9  -1.3        0.032271  
 8.741E-9  -1.3        0.03217   
 8.817E-9  -1.3        0.032005  
 8.856E-9  -1.3        0.031958  
 8.941E-9  -1.3        0.031822  
 9.006E-9  -1.3        0.031702  
 9.065E-9  -1.3        0.03182   
 9.124E-9  -1.3        0.03206   
 9.183E-9  -1.3        0.032009  
 9.219E-9  -1.3        0.031844  
 9.253E-9  -1.3        0.03185   
 9.287E-9  -1.3        0.03189   
 9.321E-9  -1.3        0.031808  
 9.355E-9  -1.3        0.03177   
 9.389E-9  -1.3        0.0317    
 9.423E-9  -1.3        0.031595  
 9.465E-9  -1.3        0.031576  
 9.498E-9  -1.3        0.031508  
 9.531E-9  -1.3        0.031453  
 9.564E-9  -1.3        0.031445  
 9.597E-9  -1.3        0.031498  
 9.662E-9  -1.3        0.031766  
 9.704E-9  -1.3        0.031821  
 9.746E-9  -1.3        0.031872  
 9.788E-9  -1.3        0.032033  
 9.83E-9   -1.3        0.032092  
 9.862E-9  -1.3        0.032047  
 9.921E-9  -1.3        0.032002  
 9.957E-9  -1.3        0.031894  
 9.993E-9  -1.3        0.031885  
 10.029E-9 -1.3        0.03195   
 10.085E-9 -1.3        0.031945  
 10.119E-9 -1.3        0.03191   
 10.177E-9 -1.3        0.031731  
 10.235E-9 -1.3        0.031742  
 10.271E-9 -1.3        0.031918  
 10.307E-9 -1.3        0.031989  
 10.335E-9 -1.3        0.032031  
 10.363E-9 -1.3        0.032079  
 10.412E-9 -1.3        0.031995  
 10.444E-9 -1.3        0.031969  
 10.476E-9 -1.3        0.031901  
 10.508E-9 -1.3        0.031808  
 10.563E-9 -1.3        0.031733  
 10.603E-9 -1.3        0.031699  
 10.643E-9 -1.3        0.031686  
 10.806E-9 -1.3        0.031799  
 10.969E-9 -1.3        0.032047  
 11.132E-9 -1.3        0.032239  
 11.26E-9  -1.3        0.032092  
 11.36E-9  -1.3        0.032067  
 11.46E-9  -1.3        0.032196  
 11.56E-9  -1.3        0.032066  
 11.621E-9 -1.3        0.0319    
 11.721E-9 -1.3        0.031597  
 11.821E-9 -1.3        0.03156   
 11.886E-9 -1.3        0.031752  
 11.951E-9 -1.3        0.031809  
 11.997E-9 -1.3        0.031755  
 12.104E-9 -1.3        0.0315    
 12.174E-9 -1.3        0.031265  
 12.293E-9 -1.3        0.03098   
 12.371E-9 -1.3        0.030852  
 12.53E-9  -1.3        0.030414  
 12.621E-9 -1.3        0.030019  
 12.772E-9 -1.3        0.029564  
 12.859E-9 -1.3        0.02955   
 12.946E-9 -1.3        0.02976   
 13.033E-9 -1.3        0.029948  
 13.1E-9   -1.3        0.029898  
 13.167E-9 -1.3        0.029721  
 13.234E-9 -1.3        0.029731  
 13.281E-9 -1.3        0.029881  
 13.366E-9 -1.3        0.030003  
 13.411E-9 -1.3        0.029912  
 13.456E-9 -1.3        0.029744  
 13.533E-9 -1.3        0.029625  
 13.577E-9 -1.3        0.029568  
 13.621E-9 -1.3        0.029535  
 13.713E-9 -1.3        0.02948   
 13.805E-9 -1.3        0.029321  
 13.897E-9 -1.3        0.029092  
 14.036E-9 -1.3        0.028593  
 14.175E-9 -1.3        0.02817   
 14.28E-9  -1.3        0.027781  
 14.385E-9 -1.3        0.027521  
 14.49E-9  -1.3        0.02741   
 14.681E-9 -1.3        0.027393  
 14.819E-9 -1.3        0.026931  
 14.91E-9  -1.3        0.026422  
 14.993E-9 -1.3        0.026339  
 15.051E-9 -1.3        0.026352  
 15.109E-9 -1.3        0.026295  
 15.167E-9 -1.3        0.026317  
 15.225E-9 -1.3        0.026361  
 15.283E-9 -1.3        0.026388  
 15.371E-9 -1.3        0.026425  
 15.459E-9 -1.3        0.026314  
 15.547E-9 -1.3        0.026284  
 15.635E-9 -1.3        0.026396  
 15.723E-9 -1.3        0.026401  
 15.811E-9 -1.3        0.026283  
 15.991E-9 -1.3        0.026145  
 16.085E-9 -1.3        0.026287  
 16.179E-9 -1.3        0.026329  
 16.273E-9 -1.3        0.026361  
 16.367E-9 -1.3        0.026381  
 16.665E-9 -1.3        0.02647   
 16.892E-9 -1.3        0.026616  
 17.119E-9 -1.3        0.026077  
 17.253E-9 -1.3        0.025976  
 17.387E-9 -1.3        0.026026  
 17.535E-9 -1.3        0.02603   
 17.683E-9 -1.3        0.026034  
 17.831E-9 -1.3        0.026025  
 18.149E-9 -1.3        0.025706  
 18.353E-9 -1.3        0.025371  
 18.557E-9 -1.3        0.024828  
 18.761E-9 -1.3        0.023941  
 18.965E-9 -1.3        0.023389  
 19.092E-9 -1.3        0.023212  
 19.251E-9 -1.3        0.022846  
 19.374E-9 -1.3        0.022674  
 19.497E-9 -1.3        0.022719  
 19.62E-9  -1.3        0.022546  
 19.708E-9 -1.3        0.022299  
 19.803E-9 -1.3        0.022326  
 19.873E-9 -1.3        0.022529  
 19.948E-9 -1.3        0.022646  
 20.023E-9 -1.3        0.022554  
 20.098E-9 -1.3        0.022389  
 20.173E-9 -1.3        0.022221  
 20.248E-9 -1.3        0.021993  
 20.323E-9 -1.3        0.021814  
 20.398E-9 -1.3        0.021647  
 20.522E-9 -1.3        0.021392  
 20.972E-9 -1.3        0.020711  
 21.422E-9 -1.3        0.020052  
 21.751E-9 -1.3        0.01978   
 22.08E-9  -1.3        0.019618  
 22.409E-9 -1.3        0.019554  
 23.279E-9 -1.3        0.019804  
 24.149E-9 -1.3        0.021051  
 24.784E-9 -1.3        0.022014  
 25.245E-9 -1.3        0.022614  
 25.706E-9 -1.3        0.022824  
 26.167E-9 -1.3        0.022397  
 26.628E-9 -1.3        0.021848  
 26.949E-9 -1.3        0.021644  
 27.27E-9  -1.3        0.021953  
 27.526E-9 -1.3        0.021859  
 27.698E-9 -1.3        0.021744  
 27.87E-9  -1.3        0.021732  
 28.042E-9 -1.3        0.021421  
 28.17E-9  -1.3        0.021106  
 28.298E-9 -1.3        0.020731  
 28.667E-9 -1.3        0.019353  
 28.916E-9 -1.3        0.018705  
 29.104E-9 -1.3        0.018543  
 29.292E-9 -1.3        0.018518  
 29.48E-9  -1.3        0.018359  
 29.668E-9 -1.3        0.018134  
 29.856E-9 -1.3        0.018311  
 29.992E-9 -1.3        0.018275  
 30.128E-9 -1.3        0.018056  
 30.349E-9 -1.3        0.017955  
 30.47E-9  -1.3        0.017851  
 30.591E-9 -1.3        0.017709  
 30.829E-9 -1.3        0.01699   
 30.984E-9 -1.3        0.016758  
 31.105E-9 -1.3        0.016859  
 31.226E-9 -1.3        0.016931  
 31.347E-9 -1.3        0.016859  
 31.468E-9 -1.3        0.016592  
 31.589E-9 -1.3        0.016266  
 31.71E-9  -1.3        0.016206  
 31.831E-9 -1.3        0.016298  
 31.952E-9 -1.3        0.016261  
 32.073E-9 -1.3        0.016278  
 32.194E-9 -1.3        0.016315  
 32.406E-9 -1.3        0.016731  
 32.554E-9 -1.3        0.016899  
 32.702E-9 -1.3        0.016555  
 32.85E-9  -1.3        0.016285  
 32.951E-9 -1.3        0.016297  
 33.052E-9 -1.3        0.01632   
 33.153E-9 -1.3        0.016343  
 33.42E-9  -1.3        0.015891  
 33.559E-9 -1.3        0.015564  
 33.698E-9 -1.3        0.015549  
 33.837E-9 -1.3        0.015561  
 33.976E-9 -1.3        0.015585  
 34.295E-9 -1.3        0.015513  
 34.544E-9 -1.3        0.015414  
 34.793E-9 -1.3        0.015493  
 35.042E-9 -1.3        0.015421  
 35.291E-9 -1.3        0.015291  
 35.54E-9  -1.3        0.01516   
 35.789E-9 -1.3        0.015116  
 36.038E-9 -1.3        0.014905  
 36.287E-9 -1.3        0.014562  
 36.516E-9 -1.3        0.014468  
 36.745E-9 -1.3        0.014622  
 37.129E-9 -1.3        0.015223  
 37.424E-9 -1.3        0.015626  
 37.719E-9 -1.3        0.015388  
 37.926E-9 -1.3        0.015174  
 38.133E-9 -1.3        0.01518   
 38.34E-9  -1.3        0.015195  
 38.547E-9 -1.3        0.01534   
 38.754E-9 -1.3        0.015512  
 38.961E-9 -1.3        0.015668  
 39.29E-9  -1.3        0.015496  
 39.508E-9 -1.3        0.015233  
 39.726E-9 -1.3        0.015197  
 39.944E-9 -1.3        0.015213  
 40.162E-9 -1.3        0.015321  
 40.518E-9 -1.3        0.015268  
 40.743E-9 -1.3        0.015063  
 40.971E-9 -1.3        0.015089  
 41.199E-9 -1.3        0.014828  
 41.359E-9 -1.3        0.014587  
 41.519E-9 -1.3        0.014497  
 41.679E-9 -1.3        0.01442   
 41.839E-9 -1.3        0.014468  
 41.999E-9 -1.3        0.014588  
 42.159E-9 -1.3        0.014631  
 42.319E-9 -1.3        0.014547  
 42.566E-9 -1.3        0.014435  
 42.753E-9 -1.3        0.014441  
 42.94E-9  -1.3        0.014363  
 43.127E-9 -1.3        0.014282  
 43.314E-9 -1.3        0.014284  
 43.501E-9 -1.3        0.014149  
 43.688E-9 -1.3        0.013977  
 43.875E-9 -1.3        0.013957  
 44.062E-9 -1.3        0.014036  
 44.344E-9 -1.3        0.013749  
 44.508E-9 -1.3        0.013523  
 44.672E-9 -1.3        0.013441  
 44.836E-9 -1.3        0.013279  
 45.E-9    -1.3        0.013107  
 45.164E-9 -1.3        0.012948  
 45.493E-9 -1.3        0.012698  
 45.822E-9 -1.3        0.012569  
 46.357E-9 -1.3        0.012349  
 46.755E-9 -1.3        0.012081  
 47.153E-9 -1.3        0.011965  
 47.551E-9 -1.3        0.012381  
 47.86E-9  -1.3        0.012541  
 48.096E-9 -1.3        0.01248   
 48.332E-9 -1.3        0.012532  
 48.568E-9 -1.3        0.012549  
 48.804E-9 -1.3        0.0125    
 49.223E-9 -1.3        0.012499  
 49.529E-9 -1.3        0.012521  
 50.031E-9 -1.3        0.0124    
 50.533E-9 -1.3        0.012233  
 51.035E-9 -1.3        0.01146   
 51.377E-9 -1.3        0.010859  
 51.719E-9 -1.3        0.010621  
 51.986E-9 -1.3        0.010615  
 52.41E-9  -1.3        0.010974  
 52.834E-9 -1.3        0.011236  
 53.107E-9 -1.3        0.011218  
 53.38E-9  -1.3        0.011157  
 53.653E-9 -1.3        0.010957  
 53.926E-9 -1.3        0.010567  
 54.199E-9 -1.3        0.010241  
 54.472E-9 -1.3        0.010048  
 54.745E-9 -1.3        0.0096146 
 54.956E-9 -1.3        0.0093835 
 55.167E-9 -1.3        0.0095473 
 55.378E-9 -1.3        0.0097236 
 55.537E-9 -1.3        0.0097021 
 55.696E-9 -1.3        0.0097126 
 55.855E-9 -1.3        0.0096877 
 56.014E-9 -1.3        0.0095847 
 56.264E-9 -1.3        0.0095634 
 56.44E-9  -1.3        0.0095454 
 56.616E-9 -1.3        0.0095637 
 56.915E-9 -1.3        0.0097466 
 57.214E-9 -1.3        0.0096848 
 57.421E-9 -1.3        0.009574  
 57.737E-9 -1.3        0.0093355 
 58.22E-9  -1.3        0.0089584 
 58.703E-9 -1.3        0.009134  
 59.008E-9 -1.3        0.0091939 
 59.313E-9 -1.3        0.009134  
 59.618E-9 -1.3        0.0092804 
 59.861E-9 -1.3        0.0095046 
 60.271E-9 -1.3        0.0099354 
 60.681E-9 -1.3        0.010162  
 61.091E-9 -1.3        0.010341  
 61.501E-9 -1.3        0.010665  
 61.911E-9 -1.3        0.01072   
 62.216E-9 -1.3        0.010585  
 62.601E-9 -1.3        0.010619  
 62.873E-9 -1.3        0.010641  
 63.145E-9 -1.3        0.010428  
 63.417E-9 -1.3        0.010202  
 63.689E-9 -1.3        0.010129  
 63.961E-9 -1.3        0.009979  
 64.233E-9 -1.3        0.0098692 
 64.505E-9 -1.3        0.0099286 
 64.777E-9 -1.3        0.010009  
 65.049E-9 -1.3        0.010087  
 65.568E-9 -1.3        0.0099976 
 65.946E-9 -1.3        0.0098687 
 66.324E-9 -1.3        0.0099512 
 66.702E-9 -1.3        0.010206  
 67.296E-9 -1.3        0.010957  
 67.89E-9  -1.3        0.011698  
 68.295E-9 -1.3        0.011409  
 68.586E-9 -1.3        0.011278  
 68.877E-9 -1.3        0.011417  
 69.168E-9 -1.3        0.011318  
 69.372E-9 -1.3        0.011132  
 69.585E-9 -1.3        0.01119   
 69.798E-9 -1.3        0.01144   
 70.011E-9 -1.3        0.011589  
 70.224E-9 -1.3        0.011598  
 70.592E-9 -1.3        0.011463  
 70.96E-9  -1.3        0.011347  
 71.328E-9 -1.3        0.011103  
 71.696E-9 -1.3        0.010919  
 72.064E-9 -1.3        0.011068  
 72.432E-9 -1.3        0.011165  
 72.713E-9 -1.3        0.011088  
 72.994E-9 -1.3        0.010973  
 73.275E-9 -1.3        0.010869  
 73.703E-9 -1.3        0.01064   
 74.131E-9 -1.3        0.010272  
 74.559E-9 -1.3        0.009996  
 74.987E-9 -1.3        0.0096294 
 75.415E-9 -1.3        0.0092015 
 75.803E-9 -1.3        0.0091374 
 76.109E-9 -1.3        0.0090483 
 76.415E-9 -1.3        0.0086952 
 76.721E-9 -1.3        0.0084301 
 76.962E-9 -1.3        0.0081745 
 77.203E-9 -1.3        0.0079341 
 77.444E-9 -1.3        0.0079053 
 77.685E-9 -1.3        0.0077577 
 77.874E-9 -1.3        0.0075682 
 78.098E-9 -1.3        0.0076287 
 78.259E-9 -1.3        0.0077815 
 78.42E-9  -1.3        0.0077236 
 78.581E-9 -1.3        0.0075972 
 78.742E-9 -1.3        0.007665  
 78.903E-9 -1.3        0.0076801 
 79.064E-9 -1.3        0.0075984 
 79.308E-9 -1.3        0.0076063 
 79.474E-9 -1.3        0.00772   
 79.86E-9  -1.3        0.0077784 
 80.059E-9 -1.3        0.00767   
 80.511E-9 -1.3        0.0075138 
 80.774E-9 -1.3        0.0074806 
 81.392E-9 -1.3        0.0074861 
 82.01E-9  -1.3        0.0073378 
 82.485E-9 -1.3        0.0073101 
 82.96E-9  -1.3        0.0073797 
 83.379E-9 -1.3        0.0071896 
 83.798E-9 -1.3        0.0070444 
 84.217E-9 -1.3        0.0070744 
 84.636E-9 -1.3        0.0070933 
 85.055E-9 -1.3        0.0070693 
 85.757E-9 -1.3        0.0071459 
 86.278E-9 -1.3        0.0071888 
 86.799E-9 -1.3        0.0068953 
 87.32E-9  -1.3        0.0066284 
 87.715E-9 -1.3        0.0064848 
 88.378E-9 -1.3        0.0066978 
 88.801E-9 -1.3        0.0068598 
 89.224E-9 -1.3        0.0066269 
 89.542E-9 -1.3        0.0067363 
 89.773E-9 -1.3        0.0068131 
 90.004E-9 -1.3        0.0067383 
 90.235E-9 -1.3        0.0065533 
 90.6E-9   -1.3        0.0063688 
 90.838E-9 -1.3        0.0063948 
 91.076E-9 -1.3        0.0064128 
 91.314E-9 -1.3        0.0064915 
 91.552E-9 -1.3        0.0064507 
 91.79E-9  -1.3        0.0064421 
 92.028E-9 -1.3        0.0065751 
 92.266E-9 -1.3        0.006675  
 92.504E-9 -1.3        0.0067194 
 92.96E-9  -1.3        0.006706  
 93.416E-9 -1.3        0.0063105 
 93.772E-9 -1.3        0.0059501 
 94.128E-9 -1.3        0.0059775 
 94.377E-9 -1.3        0.0060195 
 94.626E-9 -1.3        0.0059682 
 94.875E-9 -1.3        0.005954  
 95.124E-9 -1.3        0.0058688 
 95.373E-9 -1.3        0.0059024 
 95.622E-9 -1.3        0.0059347 
 95.871E-9 -1.3        0.0058838 
 96.12E-9  -1.3        0.0059477 
 96.369E-9 -1.3        0.0059319 
 96.618E-9 -1.3        0.0059037 
 96.867E-9 -1.3        0.0060062 
 97.116E-9 -1.3        0.0061493 
 97.365E-9 -1.3        0.0061304 
 97.614E-9 -1.3        0.0059968 
 97.863E-9 -1.3        0.0059958 
 98.112E-9 -1.3        0.005971  
 98.361E-9 -1.3        0.0057796 
 98.61E-9  -1.3        0.0055953 
 98.859E-9 -1.3        0.0055272 
 99.108E-9 -1.3        0.0056124 
 99.357E-9 -1.3        0.0056934 
 99.606E-9 -1.3        0.0056291 
 99.855E-9 -1.3        0.0056081 
 100.02E-9 -1.3        0.005584  
 100.03E-9 -1.E-15    -104.7E-12 
 100.03E-9  0.         0.        
 100.03E-9  0.         0.        
 100.03E-9  0.         0.        
 100.04E-9  0.         0.        
 100.04E-9  0.         0.        
 100.06E-9  0.         0.        
 100.09E-9  0.         0.        
 100.12E-9  0.         0.        
 100.19E-9  0.         0.        
 100.25E-9  0.         0.        
 100.43E-9  0.         0.        
 100.54E-9  0.         0.        
 100.79E-9  0.         0.        
 101.03E-9  0.         0.        
 101.28E-9  0.         0.        
 101.63E-9  0.         0.        
 101.84E-9  0.         0.        
 102.05E-9  0.         0.        
 102.26E-9  0.         0.        
 102.48E-9  0.         0.        
 102.69E-9  0.         0.        
 102.9E-9   0.         0.        
 103.28E-9  0.         0.        
 103.54E-9  0.         0.        
 103.79E-9  0.         0.        
 104.27E-9  0.         0.        
 104.74E-9  0.         0.        
 105.21E-9  0.         0.        
 105.68E-9  0.         0.        
 106.16E-9  0.         0.        
 106.63E-9  0.         0.        
 107.11E-9  0.         0.        
 107.58E-9  0.         0.        
 108.05E-9  0.         0.        
 108.39E-9  0.         0.        
 108.73E-9  0.         0.        
 109.25E-9  0.         0.        
 109.55E-9  0.         0.        
 109.84E-9  0.         0.        
 110.14E-9  0.         0.        
 110.44E-9  0.         0.        
 110.73E-9  0.         0.        
 111.2E-9   0.         0.        
 111.67E-9  0.         0.        
 112.13E-9  0.         0.        
 112.93E-9  0.         0.        
 113.72E-9  0.         0.        
 114.25E-9  0.         0.        
 115.06E-9  0.         0.        
 115.87E-9  0.         0.        
 117.9E-9   0.         0.        
 119.92E-9  0.         0.        
 120.97E-9  0.         0.        
 121.67E-9  0.         0.        
 122.83E-9  0.         0.        
 123.66E-9  0.         0.        
 124.49E-9  0.         0.        
 125.14E-9  0.         0.        
 125.6E-9   0.         0.        
 126.05E-9  0.         0.        
 126.5E-9   0.         0.        
 126.8E-9   0.         0.        
 127.1E-9   0.         0.        
 127.41E-9  0.         0.        
 127.71E-9  0.         0.        
 128.01E-9  0.         0.        
 128.24E-9  0.         0.        
 128.47E-9  0.         0.        
 128.7E-9   0.         0.        
 128.93E-9  0.         0.        
 129.15E-9  0.         0.        
 129.67E-9  0.         0.        
 129.94E-9  0.         0.        
 130.21E-9  0.         0.        
 130.47E-9  0.         0.        
 130.74E-9  0.         0.        
 131.E-9    0.         0.        
 131.27E-9  0.         0.        
 131.54E-9  0.         0.        
 131.8E-9   0.         0.        
 131.99E-9  0.         0.        
 132.17E-9  0.         0.        
 132.35E-9  0.         0.        
 132.53E-9  0.         0.        
 132.72E-9  0.         0.        
 132.9E-9   0.         0.        
 133.08E-9  0.         0.        
 133.27E-9  0.         0.        
 133.45E-9  0.         0.        
 133.63E-9  0.         0.        
 133.82E-9  0.         0.        
 134.E-9    0.         0.        
 134.18E-9  0.         0.        
 134.36E-9  0.         0.        
 134.55E-9  0.         0.        
 134.73E-9  0.         0.        
 134.91E-9  0.         0.        
 135.1E-9   0.         0.        
 135.38E-9  0.         0.        
 135.9E-9   0.         0.        
 136.22E-9  0.         0.        
 136.54E-9  0.         0.        
 136.87E-9  0.         0.        
 137.08E-9  0.         0.        
 137.34E-9  0.         0.        
 137.53E-9  0.         0.        
 137.72E-9  0.         0.        
 138.07E-9  0.         0.        
 138.31E-9  0.         0.        
 138.55E-9  0.         0.        
 139.01E-9  0.         0.        
 139.26E-9  0.         0.        
 139.63E-9  0.         0.        
 139.86E-9  0.         0.        
 140.09E-9  0.         0.        
 140.31E-9  0.         0.        
 140.54E-9  0.         0.        
 140.68E-9  0.         0.        
 140.83E-9  0.         0.        
 141.12E-9  0.         0.        
 141.4E-9   0.         0.        
 141.59E-9  0.         0.        
 141.78E-9  0.         0.        
 141.97E-9  0.         0.        
 142.15E-9  0.         0.        
 142.34E-9  0.         0.        
 142.53E-9  0.         0.        
 142.72E-9  0.         0.        
 142.91E-9  0.         0.        
 143.09E-9  0.         0.        
 143.28E-9  0.         0.        
 143.47E-9  0.         0.        
 143.66E-9  0.         0.        
 143.85E-9  0.         0.        
 144.03E-9  0.         0.        
 144.22E-9  0.         0.        
 144.41E-9  0.         0.        
 144.6E-9   0.         0.        
 145.03E-9  0.         0.        
 145.27E-9  0.         0.        
 145.51E-9  0.         0.        
 145.75E-9  0.         0.        
 145.99E-9  0.         0.        
 146.18E-9  0.         0.        
 146.36E-9  0.         0.        
 146.55E-9  0.         0.        
 146.74E-9  0.         0.        
 146.93E-9  0.         0.        
 147.29E-9  0.         0.        
 147.5E-9   0.         0.        
 147.7E-9   0.         0.        
 147.91E-9  0.         0.        
 148.11E-9  0.         0.        
 148.32E-9  0.         0.        
 148.52E-9  0.         0.        
 148.73E-9  0.         0.        
 148.93E-9  0.         0.        
 149.14E-9  0.         0.        
 149.34E-9  0.         0.        
 149.55E-9  0.         0.        
 149.75E-9  0.         0.        
 149.96E-9  0.         0.        
 150.16E-9  0.         0.        
 150.37E-9  0.         0.        
 150.57E-9  0.         0.        
 150.78E-9  0.         0.        
 151.15E-9  0.         0.        
 151.35E-9  0.         0.        
 151.69E-9  0.         0.        
 151.9E-9   0.         0.        
 152.12E-9  0.         0.        
 152.33E-9  0.         0.        
 152.55E-9  0.         0.        
 152.76E-9  0.         0.        
 152.98E-9  0.         0.        
 153.2E-9   0.         0.        
 153.41E-9  0.         0.        
 153.63E-9  0.         0.        
 153.84E-9  0.         0.        
 154.06E-9  0.         0.        
 154.28E-9  0.         0.        
 154.64E-9  0.         0.        
 154.89E-9  0.         0.        
 155.39E-9  0.         0.        
 155.73E-9  0.         0.        
 156.07E-9  0.         0.        
 156.67E-9  0.         0.        
 157.06E-9  0.         0.        
 157.45E-9  0.         0.        
 157.85E-9  0.         0.        
 158.12E-9  0.         0.        
 158.39E-9  0.         0.        
 158.95E-9  0.         0.        
 159.52E-9  0.         0.        
 159.96E-9  0.         0.        
 160.41E-9  0.         0.        
 160.74E-9  0.         0.        
 161.07E-9  0.         0.        
 161.43E-9  0.         0.        
 161.71E-9  0.         0.        
 162.E-9    0.         0.        
 164.15E-9  0.         0.        
 166.3E-9   0.         0.        
 167.37E-9  0.         0.        
 168.45E-9  0.         0.        
 169.53E-9  0.         0.        
 170.6E-9   0.         0.        
 171.32E-9  0.         0.        
 172.04E-9  0.         0.        
 172.54E-9  0.         0.        
 173.04E-9  0.         0.        
 173.44E-9  0.         0.        
 173.75E-9  0.         0.        
 174.06E-9  0.         0.        
 174.38E-9  0.         0.        
 174.69E-9  0.         0.        
 175.E-9    0.         0.        
 175.31E-9  0.         0.        
 175.63E-9  0.         0.        
 175.86E-9  0.         0.        
 176.61E-9  0.         0.        
 177.1E-9   0.         0.        
 177.83E-9  0.         0.        
 178.37E-9  0.         0.        
 178.91E-9  0.         0.        
 179.45E-9  0.         0.        
 179.98E-9  0.         0.        
 180.34E-9  0.         0.        
 180.7E-9   0.         0.        
 181.07E-9  0.         0.        
 181.36E-9  0.         0.        
 181.84E-9  0.         0.        
 182.12E-9  0.         0.        
 182.4E-9   0.         0.        
 182.68E-9  0.         0.        
 182.96E-9  0.         0.        
 183.24E-9  0.         0.        
 183.73E-9  0.         0.        
 184.12E-9  0.         0.        
 184.4E-9   0.         0.        
 184.68E-9  0.         0.        
 184.96E-9  0.         0.        
 185.17E-9  0.         0.        
 185.52E-9  0.         0.        
 185.86E-9  0.         0.        
 186.21E-9  0.         0.        
 186.96E-9  0.         0.        
 187.38E-9  0.         0.        
 188.31E-9  0.         0.        
 189.24E-9  0.         0.        
 190.17E-9  0.         0.        
 190.74E-9  0.         0.        
 191.31E-9  0.         0.        
 191.88E-9  0.         0.        
 192.89E-9  0.         0.        
 193.9E-9   0.         0.        
 194.64E-9  0.         0.        
 195.06E-9  0.         0.        
 195.47E-9  0.         0.        
 195.89E-9  0.         0.        
 196.3E-9   0.         0.        
 196.72E-9  0.         0.        
 197.13E-9  0.         0.        
 197.79E-9  0.         0.        
 198.44E-9  0.         0.        
 198.83E-9  0.         0.        
 199.22E-9  0.         0.        
 199.94E-9  0.         0.        
 200.01E-9  0.         0.        
 200.02E-9 -1.3        0.012216  
 200.03E-9 -1.3        0.012216  
 200.04E-9 -1.3        0.012212  
 200.04E-9 -1.3        0.0122    
 200.05E-9 -1.3        0.012185  
 200.08E-9 -1.3        0.012168  
 200.1E-9  -1.3        0.01217   
 200.15E-9 -1.3        0.012193  
 200.19E-9 -1.3        0.012245  
 200.27E-9 -1.3        0.012204  
 200.34E-9 -1.3        0.012082  
 200.46E-9 -1.3        0.011917  
 200.54E-9 -1.3        0.011818  
 200.7E-9  -1.3        0.011773  
 200.86E-9 -1.3        0.011655  
 201.02E-9 -1.3        0.011438  
 201.31E-9 -1.3        0.011272  
 201.48E-9 -1.3        0.011328  
 201.83E-9 -1.3        0.011422  
 202.04E-9 -1.3        0.011493  
 202.41E-9 -1.3        0.011534  
 202.78E-9 -1.3        0.011252  
 203.15E-9 -1.3        0.011216  
 203.38E-9 -1.3        0.011363  
 203.79E-9 -1.3        0.0115    
 204.03E-9 -1.3        0.011424  
 204.27E-9 -1.3        0.011534  
 204.52E-9 -1.3        0.011646  
 204.76E-9 -1.3        0.0116    
 205.E-9   -1.3        0.011534  
