Q: already installed, replacing
stashing as Q:0
npn: already installed, replacing
stashing as npn:0
pnp: already installed, replacing
stashing as pnp:0
npn1: already installed, replacing
stashing as npn1:0
pnp1: already installed, replacing
stashing as pnp1:0
difpair ckt - simple differential pair 
vm(5)  0.                25.              50.               75.            100.
vp(5)-180.              -90.              0.                90.            180.
        +-----------------+----------------+-----------------+----------------+
 1.K    |                 .                +                 .       *        |
 2.1544K|                 .                +                 .       *        |
 4.6416K|                 .                +                 .       *        |
 10.K   |                 .                +                 .       *        |
 21.544K|                 .                +                 .       *        |
 46.416K|                 .                +                 .       *        |
 100.K  |                 .                +                 .       *        |
 215.44K|                 .                +                 .       *        |
 464.16K|                 .                +                 .       *        |
 1.Meg  |                 .                +                 .       *        |
 2.1544M|                 .                +                 .       *        |
 4.6416M|                 .                +                 .       *        |
 10.Meg |                 .                +                 .       *        |
 21.544M|                 .                +                 .       *        |
 46.416M|                 .                +                 .       *        |
 100.Meg|                 .                +                 .       *        |
 215.44M|                 .                +                 .       *        |
 464.16M|                 .                +                 .       *        |
 1.G    |                 .                +                 .       *        |
 2.1544G|                 .                +                 .       *        |
 4.6416G|                 .                +                 .       *        |
 10.G   |                 .                +                 .       *        |
        +-----------------+----------------+-----------------+----------------+
